// Jest Snapshot v1, https://goo.gl/fbAQLP

exports[`renders learn react link 1`] = `
<div
  class="App"
>
  <div>
    <h3>
      Page NOT Found
    </h3>
  </div>
</div>
`;
